
> mobar@0.1.0 build
> next build

node.exe : ÔÜá `eslint`
 configuration in next.
config.ts is no longer 
supported. See more inf
o here: https://nextjs.
org/docs/app/api-refere
nce/cli/next#next-lint-
options
At line:1 char:1
+ & "C:\Program Files\n
odejs/node.exe" "C:\Pro
gram Files\nodejs/node_
mo ...
+ ~~~~~~~~~~~~~~~~~~~~~
~~~~~~~~~~~~~~~~~~~~~~~
~~~~~~~~~~~~~~~~~~~~~~~
~~
    + CategoryInfo     
         : NotSpecifi  
  ed: (ÔÜá `eslint`    
 co...xt-lint-optio    
ns:String) [], Rem    o
teException
    + FullyQualifiedEr 
   rorId : NativeComm  
  andError
 
ÔÜá Invalid next.config
.ts options detected: 
ÔÜá     Unrecognized ke
y(s) in object: 'eslint
'
ÔÜá See more info here:
 https://nextjs.org/doc
s/messages/invalid-next
-config
Ôû▓ Next.js 16.2.1 (Turbopack)
- Environments: .env.local

ÔÜá The "middleware" fi
le convention is deprec
ated. Please use "proxy
" instead. Learn more: 
https://nextjs.org/docs
/messages/middleware-to
-proxy
  Creating an optimized production build ...

> Build error occurred
Error: Turbopack build 
failed with 1 errors:
./src/app/api/send-orde
r-notification/route.ts
:1:1
Module not found: Can't
 resolve 'resend'
[31m[1m>[0m [90m1 |
[0m [36mimport[0m { 
[33mResend[0m } [36m
from[0m [32m"resend"
[0m;
  [90m  |[0m [31m[1
m^^^^^^^^^^^^^^^^^^^^^^
^^^^^^^^^^[0m
  [90m2 |[0m [36mimp
ort[0m { [33mNextRequ
est[0m, [33mNextRespo
nse[0m } [36mfrom[0m
 [32m"next/server"[0m
;
  [90m3 |[0m
  [90m4 |[0m [36mcon
st[0m resend = [36mne
w[0m [33mResend[0m(p
rocess.env.[33mRESEND_
API_KEY[0m);



https://nextjs.org/docs
/messages/module-not-fo
und


    at <unknown> (./src
/app/api/send-order-not
ification/route.ts:1:1)
    at <unknown> (https
://nextjs.org/docs/mess
ages/module-not-found)
